
=== TEST: Simulation d'ajout de note ===

node : C:\Users\sidy\Desktop\
School\server\test_notificati
on.js:9
Au caractère Ligne:1 : 1
+ node test_notification.js 
> test_log.txt 2>&1
+ ~~~~~~~~~~~~~~~~~~~~~~~~~~~
~~~~~~~~~~~~~~~~~~
    + CategoryInfo           
   : NotSpecified: (C:\User  
  s\sidy\D...tification.js   
 :9:String) [], RemoteExc    
eption
    + FullyQualifiedErrorId  
   : NativeCommandError
 
const student = db.prepare(`
                   ^

TypeError: db.prepare is not 
a function
    at Object.<anonymous> (C:
\Users\sidy\Desktop\School\se
rver\test_notification.js:9:2
0)
    at Module._compile (node:
internal/modules/cjs/loader:1
761:14)
    at Object..js (node:inter
nal/modules/cjs/loader:1893:1
0)
    at Module.load (node:inte
rnal/modules/cjs/loader:1481:
32)
    at Module._load (node:int
ernal/modules/cjs/loader:1300
:12)
    at 
TracingChannel.traceSync (nod
e:diagnostics_channel:328:14)
    at wrapModuleLoad (node:i
nternal/modules/cjs/loader:24
5:24)
    at 
Module.executeUserEntryPoint 
[as runMain] (node:internal/m
odules/run_main:154:5)
    at node:internal/main/run
_main_module:33:47

Node.js v24.11.1
